<html>
<body>
<pre>
<h1>µVision Build Log</h1>
<h2>Project:</h2>
C:\Users\Darqu\Desktop\PPSW\Current\PSTOPA\GPIO.uvproj
Project File Date:  03/07/2024

<h2>Output:</h2>
Rebuild target 'Target 1'
assembling Startup.s...
compiling main.c...
linking...
Program Size: Code=444 RO-data=16 RW-data=0 ZI-data=1256  
".\GPIO.axf" - 0 Errors, 0 Warning(s).
Rebuild target 'Target 1'
assembling Startup.s...
compiling main.c...
linking...
Program Size: Code=460 RO-data=16 RW-data=0 ZI-data=1256  
".\GPIO.axf" - 0 Errors, 0 Warning(s).
Rebuild target 'Target 1'
assembling Startup.s...
compiling main.c...
main.c(6): warning:  #1294-D: Old-style function Delay
main.c(8): warning:  #174-D: expression has no effect
linking...
Program Size: Code=480 RO-data=16 RW-data=0 ZI-data=1256  
".\GPIO.axf" - 0 Errors, 2 Warning(s).
Rebuild target 'Target 1'
assembling Startup.s...
compiling main.c...
main.c(6): warning:  #1294-D: Old-style function Delay
linking...
Program Size: Code=500 RO-data=16 RW-data=0 ZI-data=1256  
".\GPIO.axf" - 0 Errors, 1 Warning(s).
Rebuild target 'Target 1'
assembling Startup.s...
compiling main.c...
main.c(6): warning:  #1294-D: Old-style function Delay
linking...
Program Size: Code=500 RO-data=16 RW-data=0 ZI-data=1256  
".\GPIO.axf" - 0 Errors, 1 Warning(s).
Rebuild target 'Target 1'
assembling Startup.s...
compiling main.c...
main.c(6): warning:  #1294-D: Old-style function Delay
linking...
Program Size: Code=500 RO-data=16 RW-data=0 ZI-data=1256  
".\GPIO.axf" - 0 Errors, 1 Warning(s).
Rebuild target 'Target 1'
assembling Startup.s...
compiling main.c...
main.c(6): warning:  #1294-D: Old-style function Delay
linking...
Program Size: Code=516 RO-data=16 RW-data=0 ZI-data=1256  
".\GPIO.axf" - 0 Errors, 1 Warning(s).
Rebuild target 'Target 1'
assembling Startup.s...
compiling main.c...
main.c(6): warning:  #1294-D: Old-style function Delay
linking...
Program Size: Code=520 RO-data=16 RW-data=0 ZI-data=1256  
".\GPIO.axf" - 0 Errors, 1 Warning(s).
Rebuild target 'Target 1'
assembling Startup.s...
compiling main.c...
main.c(6): warning:  #1294-D: Old-style function Delay
linking...
Program Size: Code=2100 RO-data=16 RW-data=0 ZI-data=1256  
".\GPIO.axf" - 0 Errors, 1 Warning(s).
Rebuild target 'Target 1'
assembling Startup.s...
compiling main.c...
main.c(6): warning:  #1294-D: Old-style function Delay
linking...
Program Size: Code=2100 RO-data=16 RW-data=0 ZI-data=1256  
".\GPIO.axf" - 0 Errors, 1 Warning(s).
Rebuild target 'Target 1'
assembling Startup.s...
compiling main.c...
main.c(6): warning:  #1294-D: Old-style function Delay
linking...
Program Size: Code=2100 RO-data=16 RW-data=0 ZI-data=1256  
".\GPIO.axf" - 0 Errors, 1 Warning(s).
Build target 'Target 1'
compiling main.c...
main.c(6): warning:  #1294-D: Old-style function Delay
linking...
Program Size: Code=2100 RO-data=16 RW-data=0 ZI-data=1256  
".\GPIO.axf" - 0 Errors, 1 Warning(s).
Build target 'Target 1'
linking...
Program Size: Code=2100 RO-data=16 RW-data=0 ZI-data=1256  
".\GPIO.axf" - 0 Errors, 0 Warning(s).
Build target 'Target 1'
compiling main.c...
main.c(6): warning:  #1294-D: Old-style function Delay
linking...
Program Size: Code=2100 RO-data=16 RW-data=0 ZI-data=1256  
".\GPIO.axf" - 0 Errors, 1 Warning(s).
Build target 'Target 1'
compiling main.c...
main.c(6): warning:  #1294-D: Old-style function Delay
linking...
Program Size: Code=2100 RO-data=16 RW-data=0 ZI-data=1256  
".\GPIO.axf" - 0 Errors, 1 Warning(s).
Build target 'Target 1'
compiling main.c...
main.c(6): warning:  #1294-D: Old-style function Delay
linking...
Program Size: Code=2100 RO-data=16 RW-data=0 ZI-data=1256  
".\GPIO.axf" - 0 Errors, 1 Warning(s).
Build target 'Target 1'
compiling main.c...
main.c(6): warning:  #1294-D: Old-style function Delay
linking...
Program Size: Code=2100 RO-data=16 RW-data=0 ZI-data=1256  
".\GPIO.axf" - 0 Errors, 1 Warning(s).
Build target 'Target 1'
linking...
Program Size: Code=2100 RO-data=16 RW-data=0 ZI-data=1256  
".\GPIO.axf" - 0 Errors, 0 Warning(s).
Build target 'Target 1'
compiling main.c...
main.c(6): warning:  #1294-D: Old-style function Delay
linking...
Program Size: Code=2100 RO-data=16 RW-data=0 ZI-data=1256  
".\GPIO.axf" - 0 Errors, 1 Warning(s).
Build target 'Target 1'
linking...
Program Size: Code=2100 RO-data=16 RW-data=0 ZI-data=1256  
".\GPIO.axf" - 0 Errors, 0 Warning(s).
Build target 'Target 1'
linking...
Program Size: Code=2100 RO-data=16 RW-data=0 ZI-data=1256  
".\GPIO.axf" - 0 Errors, 0 Warning(s).
Build target 'Target 1'
linking...
Program Size: Code=2100 RO-data=16 RW-data=0 ZI-data=1256  
".\GPIO.axf" - 0 Errors, 0 Warning(s).
Build target 'Target 1'
linking...
Program Size: Code=2100 RO-data=16 RW-data=0 ZI-data=1256  
".\GPIO.axf" - 0 Errors, 0 Warning(s).
Build target 'Target 1'
linking...
Program Size: Code=2100 RO-data=16 RW-data=0 ZI-data=1256  
".\GPIO.axf" - 0 Errors, 0 Warning(s).
Rebuild target 'Target 1'
assembling Startup.s...
compiling main.c...
main.c(6): warning:  #1294-D: Old-style function Delay
linking...
Program Size: Code=2100 RO-data=16 RW-data=0 ZI-data=1256  
".\GPIO.axf" - 0 Errors, 1 Warning(s).
Build target 'Target 1'
compiling main.c...
main.c(6): warning:  #1294-D: Old-style function Delay
linking...
Program Size: Code=2100 RO-data=16 RW-data=0 ZI-data=1256  
".\GPIO.axf" - 0 Errors, 1 Warning(s).
Build target 'Target 1'
linking...
Program Size: Code=2100 RO-data=16 RW-data=0 ZI-data=1256  
".\GPIO.axf" - 0 Errors, 0 Warning(s).
Rebuild target 'Target 1'
assembling Startup.s...
compiling main.c...
main.c(6): warning:  #1294-D: Old-style function Delay
linking...
Program Size: Code=2100 RO-data=16 RW-data=0 ZI-data=1256  
".\GPIO.axf" - 0 Errors, 1 Warning(s).
Build target 'Target 1'
compiling main.c...
main.c(6): warning:  #1294-D: Old-style function Delay
linking...
Program Size: Code=2100 RO-data=16 RW-data=0 ZI-data=1256  
".\GPIO.axf" - 0 Errors, 1 Warning(s).
Build target 'Target 1'
compiling main.c...
main.c(6): warning:  #1294-D: Old-style function Delay
main.c(27): error:  #65: expected a ";"
".\GPIO.axf" - 1 Errors, 1 Warning(s).
Target not created
Build target 'Target 1'
compiling main.c...
main.c(6): warning:  #1294-D: Old-style function Delay
main.c(27): error:  #65: expected a ";"
".\GPIO.axf" - 1 Errors, 1 Warning(s).
Target not created
Rebuild target 'Target 1'
assembling Startup.s...
compiling main.c...
main.c(6): warning:  #1294-D: Old-style function Delay
main.c(27): error:  #65: expected a ";"
".\GPIO.axf" - 1 Errors, 1 Warning(s).
Target not created
Build target 'Target 1'
compiling main.c...
main.c(6): warning:  #1294-D: Old-style function Delay
main.c(27): error:  #65: expected a ";"
".\GPIO.axf" - 1 Errors, 1 Warning(s).
Target not created
Build target 'Target 1'
compiling main.c...
main.c(6): warning:  #1294-D: Old-style function Delay
main.c(27): error:  #65: expected a ";"
".\GPIO.axf" - 1 Errors, 1 Warning(s).
Target not created
Build target 'Target 1'
compiling main.c...
main.c(6): warning:  #1294-D: Old-style function Delay
main.c(27): error:  #65: expected a ";"
".\GPIO.axf" - 1 Errors, 1 Warning(s).
Target not created
Rebuild target 'Target 1'
assembling Startup.s...
compiling main.c...
main.c(6): warning:  #1294-D: Old-style function Delay
main.c(27): error:  #65: expected a ";"
".\GPIO.axf" - 1 Errors, 1 Warning(s).
Target not created
Rebuild target 'Target 1'
assembling Startup.s...
compiling main.c...
main.c(6): warning:  #1294-D: Old-style function Delay
main.c(27): error:  #65: expected a ";"
".\GPIO.axf" - 1 Errors, 1 Warning(s).
Target not created
Build target 'Target 1'
compiling main.c...
main.c(6): warning:  #1294-D: Old-style function Delay
main.c(27): error:  #65: expected a ";"
".\GPIO.axf" - 1 Errors, 1 Warning(s).
Target not created
Rebuild target 'Target 1'
assembling Startup.s...
compiling main.c...
main.c(6): warning:  #1294-D: Old-style function Delay
linking...
Program Size: Code=2108 RO-data=16 RW-data=0 ZI-data=1256  
".\GPIO.axf" - 0 Errors, 1 Warning(s).
Build target 'Target 1'
linking...
Program Size: Code=2108 RO-data=16 RW-data=0 ZI-data=1256  
".\GPIO.axf" - 0 Errors, 0 Warning(s).
Build target 'Target 1'
linking...
Program Size: Code=2108 RO-data=16 RW-data=0 ZI-data=1256  
".\GPIO.axf" - 0 Errors, 0 Warning(s).
Build target 'Target 1'
compiling main.c...
main.c(6): warning:  #1294-D: Old-style function Delay
linking...
Program Size: Code=2108 RO-data=16 RW-data=0 ZI-data=1256  
".\GPIO.axf" - 0 Errors, 1 Warning(s).
Build target 'Target 1'
compiling main.c...
main.c(6): warning:  #1294-D: Old-style function Delay
linking...
Program Size: Code=2108 RO-data=16 RW-data=0 ZI-data=1256  
".\GPIO.axf" - 0 Errors, 1 Warning(s).
Build target 'Target 1'
compiling main.c...
main.c(6): warning:  #1294-D: Old-style function Delay
linking...
Program Size: Code=2108 RO-data=16 RW-data=0 ZI-data=1256  
".\GPIO.axf" - 0 Errors, 1 Warning(s).
Rebuild target 'Target 1'
assembling Startup.s...
compiling main.c...
main.c(6): warning:  #1294-D: Old-style function Delay
linking...
Program Size: Code=2108 RO-data=16 RW-data=0 ZI-data=1256  
".\GPIO.axf" - 0 Errors, 1 Warning(s).
Clean started: Project: 'GPIO'
   deleting intermediate output files for target 'Target 1'
Clean started: Project: 'GPIO'
   deleting intermediate output files for target 'Target 1'
